<testsuites id="" name="" tests="60" failures="1" skipped="59" errors="0" time="15.397710000000002">
<testsuite name="3d-customizer-acceptance.spec.ts" timestamp="2025-08-24T20:53:45.649Z" hostname="chromium" tests="12" failures="1" skipped="11" time="65.897" errors="0">
<testcase name="CSS 3D Customizer Core Functionality › CSS 3D viewer initializes successfully" classname="3d-customizer-acceptance.spec.ts" time="9.448">
<skipped>
</skipped>
</testcase>
<testcase name="CSS 3D Customizer Core Functionality › Image sequence loading with progress indication" classname="3d-customizer-acceptance.spec.ts" time="9.453">
<skipped>
</skipped>
</testcase>
<testcase name="CSS 3D Material Change Performance › Material changes reflect within 2 seconds" classname="3d-customizer-acceptance.spec.ts" time="9.454">
<skipped>
</skipped>
</testcase>
<testcase name="CSS 3D Material Change Performance › Price updates on material change" classname="3d-customizer-acceptance.spec.ts" time="9.402">
<skipped>
</skipped>
</testcase>
<testcase name="CSS 3D Interaction Testing › Drag rotation works smoothly" classname="3d-customizer-acceptance.spec.ts" time="9.45">
<skipped>
</skipped>
</testcase>
<testcase name="CSS 3D Interaction Testing › Keyboard navigation works" classname="3d-customizer-acceptance.spec.ts" time="9.453">
<skipped>
</skipped>
</testcase>
<testcase name="CSS 3D Interaction Testing › Touch interaction works on mobile" classname="3d-customizer-acceptance.spec.ts" time="0.365">
<properties>
<property name="skip" value="">
</property>
</properties>
<skipped>
</skipped>
</testcase>
<testcase name="CSS 3D Error Handling › Graceful fallback when images fail to load" classname="3d-customizer-acceptance.spec.ts" time="8.872">
<failure message="3d-customizer-acceptance.spec.ts:300:7 Graceful fallback when images fail to load" type="FAILURE">
<![CDATA[  [chromium] › 3d-customizer-acceptance.spec.ts:300:7 › CSS 3D Error Handling › Graceful fallback when images fail to load 

    Error: expect(received).toBe(expected) // Object.is equality

    Expected: true
    Received: false

      330 |     }
      331 |     
    > 332 |     expect(foundError).toBe(true);
          |                        ^
      333 |     
      334 |     console.log('Image failure fallback working correctly');
      335 |   });
        at /Users/decepticonmanager/Projects/GenZJewelry_AUG_12/tests/3d-customizer-acceptance.spec.ts:332:24

    attachment #1: screenshot (image/png) ──────────────────────────────────────────────────────────
    ../test-results/3d-customizer-acceptance-C-dfc1d-ck-when-images-fail-to-load-chromium/test-failed-1.png
    ────────────────────────────────────────────────────────────────────────────────────────────────

    attachment #2: video (video/webm) ──────────────────────────────────────────────────────────────
    ../test-results/3d-customizer-acceptance-C-dfc1d-ck-when-images-fail-to-load-chromium/video.webm
    ────────────────────────────────────────────────────────────────────────────────────────────────

    Error Context: ../test-results/3d-customizer-acceptance-C-dfc1d-ck-when-images-fail-to-load-chromium/error-context.md
]]>
</failure>
<system-out>
<![CDATA[
[[ATTACHMENT|3d-customizer-acceptance-C-dfc1d-ck-when-images-fail-to-load-chromium/test-failed-1.png]]

[[ATTACHMENT|3d-customizer-acceptance-C-dfc1d-ck-when-images-fail-to-load-chromium/video.webm]]

[[ATTACHMENT|3d-customizer-acceptance-C-dfc1d-ck-when-images-fail-to-load-chromium/error-context.md]]
]]>
</system-out>
</testcase>
<testcase name="CSS 3D Error Handling › Loading state handling" classname="3d-customizer-acceptance.spec.ts" time="0">
<skipped>
</skipped>
</testcase>
<testcase name="CSS 3D Accessibility › Proper ARIA labels and roles" classname="3d-customizer-acceptance.spec.ts" time="0">
<skipped>
</skipped>
</testcase>
<testcase name="CSS 3D Accessibility › Focus management works correctly" classname="3d-customizer-acceptance.spec.ts" time="0">
<skipped>
</skipped>
</testcase>
<testcase name="CSS 3D Mobile Performance › Smooth performance on mobile devices" classname="3d-customizer-acceptance.spec.ts" time="0">
<skipped>
</skipped>
</testcase>
</testsuite>
<testsuite name="3d-customizer-acceptance.spec.ts" timestamp="2025-08-24T20:53:45.649Z" hostname="firefox" tests="12" failures="0" skipped="12" time="0" errors="0">
<testcase name="CSS 3D Customizer Core Functionality › CSS 3D viewer initializes successfully" classname="3d-customizer-acceptance.spec.ts" time="0">
<skipped>
</skipped>
</testcase>
<testcase name="CSS 3D Customizer Core Functionality › Image sequence loading with progress indication" classname="3d-customizer-acceptance.spec.ts" time="0">
<skipped>
</skipped>
</testcase>
<testcase name="CSS 3D Material Change Performance › Material changes reflect within 2 seconds" classname="3d-customizer-acceptance.spec.ts" time="0">
<skipped>
</skipped>
</testcase>
<testcase name="CSS 3D Material Change Performance › Price updates on material change" classname="3d-customizer-acceptance.spec.ts" time="0">
<skipped>
</skipped>
</testcase>
<testcase name="CSS 3D Interaction Testing › Drag rotation works smoothly" classname="3d-customizer-acceptance.spec.ts" time="0">
<skipped>
</skipped>
</testcase>
<testcase name="CSS 3D Interaction Testing › Keyboard navigation works" classname="3d-customizer-acceptance.spec.ts" time="0">
<skipped>
</skipped>
</testcase>
<testcase name="CSS 3D Interaction Testing › Touch interaction works on mobile" classname="3d-customizer-acceptance.spec.ts" time="0">
<skipped>
</skipped>
</testcase>
<testcase name="CSS 3D Error Handling › Graceful fallback when images fail to load" classname="3d-customizer-acceptance.spec.ts" time="0">
<skipped>
</skipped>
</testcase>
<testcase name="CSS 3D Error Handling › Loading state handling" classname="3d-customizer-acceptance.spec.ts" time="0">
<skipped>
</skipped>
</testcase>
<testcase name="CSS 3D Accessibility › Proper ARIA labels and roles" classname="3d-customizer-acceptance.spec.ts" time="0">
<skipped>
</skipped>
</testcase>
<testcase name="CSS 3D Accessibility › Focus management works correctly" classname="3d-customizer-acceptance.spec.ts" time="0">
<skipped>
</skipped>
</testcase>
<testcase name="CSS 3D Mobile Performance › Smooth performance on mobile devices" classname="3d-customizer-acceptance.spec.ts" time="0">
<skipped>
</skipped>
</testcase>
</testsuite>
<testsuite name="3d-customizer-acceptance.spec.ts" timestamp="2025-08-24T20:53:45.649Z" hostname="webkit" tests="12" failures="0" skipped="12" time="0" errors="0">
<testcase name="CSS 3D Customizer Core Functionality › CSS 3D viewer initializes successfully" classname="3d-customizer-acceptance.spec.ts" time="0">
<skipped>
</skipped>
</testcase>
<testcase name="CSS 3D Customizer Core Functionality › Image sequence loading with progress indication" classname="3d-customizer-acceptance.spec.ts" time="0">
<skipped>
</skipped>
</testcase>
<testcase name="CSS 3D Material Change Performance › Material changes reflect within 2 seconds" classname="3d-customizer-acceptance.spec.ts" time="0">
<skipped>
</skipped>
</testcase>
<testcase name="CSS 3D Material Change Performance › Price updates on material change" classname="3d-customizer-acceptance.spec.ts" time="0">
<skipped>
</skipped>
</testcase>
<testcase name="CSS 3D Interaction Testing › Drag rotation works smoothly" classname="3d-customizer-acceptance.spec.ts" time="0">
<skipped>
</skipped>
</testcase>
<testcase name="CSS 3D Interaction Testing › Keyboard navigation works" classname="3d-customizer-acceptance.spec.ts" time="0">
<skipped>
</skipped>
</testcase>
<testcase name="CSS 3D Interaction Testing › Touch interaction works on mobile" classname="3d-customizer-acceptance.spec.ts" time="0">
<skipped>
</skipped>
</testcase>
<testcase name="CSS 3D Error Handling › Graceful fallback when images fail to load" classname="3d-customizer-acceptance.spec.ts" time="0">
<skipped>
</skipped>
</testcase>
<testcase name="CSS 3D Error Handling › Loading state handling" classname="3d-customizer-acceptance.spec.ts" time="0">
<skipped>
</skipped>
</testcase>
<testcase name="CSS 3D Accessibility › Proper ARIA labels and roles" classname="3d-customizer-acceptance.spec.ts" time="0">
<skipped>
</skipped>
</testcase>
<testcase name="CSS 3D Accessibility › Focus management works correctly" classname="3d-customizer-acceptance.spec.ts" time="0">
<skipped>
</skipped>
</testcase>
<testcase name="CSS 3D Mobile Performance › Smooth performance on mobile devices" classname="3d-customizer-acceptance.spec.ts" time="0">
<skipped>
</skipped>
</testcase>
</testsuite>
<testsuite name="3d-customizer-acceptance.spec.ts" timestamp="2025-08-24T20:53:45.649Z" hostname="Mobile Chrome" tests="12" failures="0" skipped="12" time="0" errors="0">
<testcase name="CSS 3D Customizer Core Functionality › CSS 3D viewer initializes successfully" classname="3d-customizer-acceptance.spec.ts" time="0">
<skipped>
</skipped>
</testcase>
<testcase name="CSS 3D Customizer Core Functionality › Image sequence loading with progress indication" classname="3d-customizer-acceptance.spec.ts" time="0">
<skipped>
</skipped>
</testcase>
<testcase name="CSS 3D Material Change Performance › Material changes reflect within 2 seconds" classname="3d-customizer-acceptance.spec.ts" time="0">
<skipped>
</skipped>
</testcase>
<testcase name="CSS 3D Material Change Performance › Price updates on material change" classname="3d-customizer-acceptance.spec.ts" time="0">
<skipped>
</skipped>
</testcase>
<testcase name="CSS 3D Interaction Testing › Drag rotation works smoothly" classname="3d-customizer-acceptance.spec.ts" time="0">
<skipped>
</skipped>
</testcase>
<testcase name="CSS 3D Interaction Testing › Keyboard navigation works" classname="3d-customizer-acceptance.spec.ts" time="0">
<skipped>
</skipped>
</testcase>
<testcase name="CSS 3D Interaction Testing › Touch interaction works on mobile" classname="3d-customizer-acceptance.spec.ts" time="0">
<skipped>
</skipped>
</testcase>
<testcase name="CSS 3D Error Handling › Graceful fallback when images fail to load" classname="3d-customizer-acceptance.spec.ts" time="0">
<skipped>
</skipped>
</testcase>
<testcase name="CSS 3D Error Handling › Loading state handling" classname="3d-customizer-acceptance.spec.ts" time="0">
<skipped>
</skipped>
</testcase>
<testcase name="CSS 3D Accessibility › Proper ARIA labels and roles" classname="3d-customizer-acceptance.spec.ts" time="0">
<skipped>
</skipped>
</testcase>
<testcase name="CSS 3D Accessibility › Focus management works correctly" classname="3d-customizer-acceptance.spec.ts" time="0">
<skipped>
</skipped>
</testcase>
<testcase name="CSS 3D Mobile Performance › Smooth performance on mobile devices" classname="3d-customizer-acceptance.spec.ts" time="0">
<skipped>
</skipped>
</testcase>
</testsuite>
<testsuite name="3d-customizer-acceptance.spec.ts" timestamp="2025-08-24T20:53:45.649Z" hostname="Mobile Safari" tests="12" failures="0" skipped="12" time="0" errors="0">
<testcase name="CSS 3D Customizer Core Functionality › CSS 3D viewer initializes successfully" classname="3d-customizer-acceptance.spec.ts" time="0">
<skipped>
</skipped>
</testcase>
<testcase name="CSS 3D Customizer Core Functionality › Image sequence loading with progress indication" classname="3d-customizer-acceptance.spec.ts" time="0">
<skipped>
</skipped>
</testcase>
<testcase name="CSS 3D Material Change Performance › Material changes reflect within 2 seconds" classname="3d-customizer-acceptance.spec.ts" time="0">
<skipped>
</skipped>
</testcase>
<testcase name="CSS 3D Material Change Performance › Price updates on material change" classname="3d-customizer-acceptance.spec.ts" time="0">
<skipped>
</skipped>
</testcase>
<testcase name="CSS 3D Interaction Testing › Drag rotation works smoothly" classname="3d-customizer-acceptance.spec.ts" time="0">
<skipped>
</skipped>
</testcase>
<testcase name="CSS 3D Interaction Testing › Keyboard navigation works" classname="3d-customizer-acceptance.spec.ts" time="0">
<skipped>
</skipped>
</testcase>
<testcase name="CSS 3D Interaction Testing › Touch interaction works on mobile" classname="3d-customizer-acceptance.spec.ts" time="0">
<skipped>
</skipped>
</testcase>
<testcase name="CSS 3D Error Handling › Graceful fallback when images fail to load" classname="3d-customizer-acceptance.spec.ts" time="0">
<skipped>
</skipped>
</testcase>
<testcase name="CSS 3D Error Handling › Loading state handling" classname="3d-customizer-acceptance.spec.ts" time="0">
<skipped>
</skipped>
</testcase>
<testcase name="CSS 3D Accessibility › Proper ARIA labels and roles" classname="3d-customizer-acceptance.spec.ts" time="0">
<skipped>
</skipped>
</testcase>
<testcase name="CSS 3D Accessibility › Focus management works correctly" classname="3d-customizer-acceptance.spec.ts" time="0">
<skipped>
</skipped>
</testcase>
<testcase name="CSS 3D Mobile Performance › Smooth performance on mobile devices" classname="3d-customizer-acceptance.spec.ts" time="0">
<skipped>
</skipped>
</testcase>
</testsuite>
</testsuites>